{
  "jcr:primaryType": "cq:ClientLibraryFolder",
  "categories": [
    "test.base.apps.secondapp"
  ],
  "embed": [
    "test.base.apps.thirdapp"
  ],
  "dependencies": [
    "test.base.apps.mainapp"
  ],
  "cssProcessor": [
    "default:none",
    "min:none"
  ],
  "jsProcessor": [
    "default:none",
    "min:gcc"
  ]
}
