{
  "jcr:primaryType": "cq:ClientLibraryFolder",
  "categories": [
    "test.base.apps.mainapp"
  ],
  "allowProxy": true,
  "longCacheKey": "${project.version}-${buildNumber}"
}
